// Jest Snapshot v1, https://goo.gl/fbAQLP

exports[`renders Toggle component correctly 1`] = `
<Image
  source={
    {
      "uri": "",
    }
  }
  style={
    {
      "borderRadius": 30,
      "height": 60,
      "width": 60,
    }
  }
/>
`;
