// Jest Snapshot v1, https://goo.gl/fbAQLP

exports[`Home should render correctly 1`] = `
<Text
  style={
    {
      "color": "#141619",
      "fontWeight": "700",
      "marginHorizontal": 5,
      "textAlign": "left",
    }
  }
/>
`;
